// Jest Snapshot v1, https://goo.gl/fbAQLP

exports[`components/Run/RunningStatus/RunRunningTime should render Statistic component 1`] = `"<div><div class=\\"ant-statistic\\"><div class=\\"ant-statistic-content\\"><span class=\\"ant-statistic-content-value\\">02:00:00</span></div></div></div>"`;

exports[`components/Run/RunningStatus/RunRunningTime should render Timer component 1`] = `"<div><div class=\\"ant-statistic\\"><div class=\\"ant-statistic-content\\"><span class=\\"ant-statistic-content-value\\">00:02:00</span></div></div></div>"`;
