// Jest Snapshot v1, https://goo.gl/fbAQLP

exports[`components/RunConfiguration/Form/FormItems/LoadConfigurationForm should render LoadConfigurationForm component 1`] = `"<div><form class=\\"ant-form ant-form-horizontal\\"><button type=\\"button\\" class=\\"ant-btn ant-btn-dashed ant-btn-block\\"><span role=\\"img\\" aria-label=\\"plus\\" class=\\"anticon anticon-plus\\"><svg viewBox=\\"64 64 896 896\\" focusable=\\"false\\" data-icon=\\"plus\\" width=\\"1em\\" height=\\"1em\\" fill=\\"currentColor\\" aria-hidden=\\"true\\"><defs><style></style></defs><path d=\\"M482 152h60q8 0 8 8v704q0 8-8 8h-60q-8 0-8-8V160q0-8 8-8z\\"></path><path d=\\"M176 474h672q8 0 8 8v60q0 8-8 8H176q-8 0-8-8v-60q0-8 8-8z\\"></path></svg></span><span>Add step</span></button></form></div>"`;
